client/src/pages/Landing.tsx(229,89): error TS1003: Identifier expected.
